// Jest Snapshot v1, https://goo.gl/fbAQLP

exports[`match Calculator snapshot 1`] = `
<div
  className="calc-section"
>
  <h2
    className="calc-h2"
  >
    Let's do some math!!
  </h2>
  <section
    className="calculator-container"
  >
    <p
      className="display"
    >
      0
    </p>
    <button
      className="AC"
      onClick={[Function]}
      type="button"
    >
      AC
    </button>
    <button
      className="mm"
      onClick={[Function]}
      type="button"
    >
      +/-
    </button>
    <button
      className="porcentaje"
      onClick={[Function]}
      type="button"
    >
      %
    </button>
    <button
      className="division"
      onClick={[Function]}
      type="button"
    >
      รท
    </button>
    <button
      className="nueve"
      onClick={[Function]}
      type="button"
    >
      9
    </button>
    <button
      className="ocho"
      onClick={[Function]}
      type="button"
    >
      8
    </button>
    <button
      className="siete"
      onClick={[Function]}
      type="button"
    >
      7
    </button>
    <button
      className="seis"
      onClick={[Function]}
      type="button"
    >
      6
    </button>
    <button
      className="cinco"
      onClick={[Function]}
      type="button"
    >
      5
    </button>
    <button
      className="cuatro"
      onClick={[Function]}
      type="button"
    >
      4
    </button>
    <button
      className="tres"
      onClick={[Function]}
      type="button"
    >
      3
    </button>
    <button
      className="dos"
      onClick={[Function]}
      type="button"
    >
      2
    </button>
    <button
      className="uno"
      onClick={[Function]}
      type="button"
    >
      1
    </button>
    <button
      className="cero"
      onClick={[Function]}
      type="button"
    >
      0
    </button>
    <button
      className="decimal"
      onClick={[Function]}
      type="button"
    >
      .
    </button>
    <button
      className="multiplicar"
      onClick={[Function]}
      type="button"
    >
      x
    </button>
    <button
      className="restar"
      onClick={[Function]}
      type="button"
    >
      -
    </button>
    <button
      className="sumar"
      onClick={[Function]}
      type="button"
    >
      +
    </button>
    <button
      className="igual"
      onClick={[Function]}
      type="button"
    >
      =
    </button>
  </section>
</div>
`;
