// Jest Snapshot v1, https://goo.gl/fbAQLP

exports[`match Quote snapshot 1`] = `
<div
  className="quote-section"
>
  <h2
    className="quote-title"
  >
    'Imagination is more important than knowledge.'- Albert Einstein.
  </h2>
</div>
`;
